[www.crazygames.com/game/worldguessr.html]
[backblue.gif]
[fade.gif]
[index.html]
[images.crazygames.com/favicons/manifest-icon-3edfb.jpg]
[images.crazygames.com/favicons/manifest-icon-32709.jpg]
[images.crazygames.com/favicons/manifest-icon-3fab2.jpg]
[images.crazygames.com/favicons/manifest-icon-3b86c.jpg]
[builds.crazygames.com/portal/_next/static/css/1be3a4466523e6c2.css]
[builds.crazygames.com/portal/_next/static/css/a8d40004e2675e0c.css]
[builds.crazygames.com/portal/_next/static/css/2fc3acd957f9a1a5.css]
[builds.crazygames.com/portal/_next/static/chunks/polyfills-c67a75d1b6f99dc8.js]
[builds.crazygames.com/portal/_next/static/chunks/44325.10d90aa61b2abd7e.js]
[builds.crazygames.com/portal/_next/static/chunks/84275-33b1d15a6508b257.js]
[builds.crazygames.com/portal/_next/static/chunks/76532.2ea5043f4a38d49f.js]
[builds.crazygames.com/portal/_next/static/chunks/21278.4f2db0954ca94919.js]
[builds.crazygames.com/portal/_next/static/chunks/43382.5b0c67f1807a05d0.js]
[builds.crazygames.com/portal/_next/static/chunks/92977.7eaf8c0b2f226620.js]
[builds.crazygames.com/portal/_next/static/chunks/24313.937c93e3e81bd309.js]
[builds.crazygames.com/portal/_next/static/chunks/webpack-34a6a9f567d4417a.js]
[builds.crazygames.com/portal/_next/static/chunks/framework-75746eeb80cbf23f.js]
[builds.crazygames.com/portal/_next/static/chunks/main-034df3a3fa496ad0.js]
[builds.crazygames.com/portal/_next/static/chunks/pages/_app-dca366e765cb1a45.js]
[builds.crazygames.com/portal/_next/static/chunks/76287-adbe3ed34f64d1a3.js]
[builds.crazygames.com/portal/_next/static/chunks/25199-e77e5bee0489720c.js]
[builds.crazygames.com/portal/_next/static/chunks/79847-620cfe6203ccb3e1.js]
[builds.crazygames.com/portal/_next/static/chunks/94993-881b436786355bda.js]
[builds.crazygames.com/portal/_next/static/chunks/pages/game-73ba2524e7c9d0ff.js]
[builds.crazygames.com/portal/_next/static/1731503996/_buildManifest.js]
[builds.crazygames.com/portal/_next/static/1731503996/_ssgManifest.js]
[images.crazygames.com/crazygames/crosse45a.png]
[images.crazygames.com/tags/casual/thumb-1640027279600c98a.jpg]
[images.crazygames.com/tags/mobile/thumb-1714486209442c98a.jpg]
[images.crazygames.com/mazeplanet3dc98a.jpg]
[images.crazygames.com/drawthisioc98a.jpg]
[images.crazygames.com/tags/with-friends/thumb-1716561619288c98a.jpg]
[images.crazygames.com/tags/trivia/thumb-1593527896690c98a.jpg]
[images.crazygames.com/agariobc98a.jpg]
[images.crazygames.com/store-logos/google-store-button65ee.png]
[images.crazygames.com/games/bloxdhop-io/cover_16x9-1709115453824de3b.jpg]
[images.crazygames.com/games/evowarsio/cover_16x9-1727684263984de3b.jpg]
[images.crazygames.com/games/smash-karts/cover_16x9-1731054691040de3b.jpg]
[images.crazygames.com/games/deadshot-io/cover_16x9-1694770506842de3b.jpg]
[images.crazygames.com/games/ships-3d/cover-1656950535291de3b.jpg]
[images.crazygames.com/games/mahjongg-solitaire/cover_16x9-1707829450935de3b.jpg]
[images.crazygames.com/games/gulper-io/cover_16x9-1722864711255de3b.jpg]
[images.crazygames.com/games/basketbros/cover-1586360611838de3b.jpg]
[images.crazygames.com/games/tiny-fishing/cover_16x9-1707829871473de3b.jpg]
[www.crazygames.com/game/worldguessr.html]
[builds.crazygames.com/portal/_next/static/css/1be3a4466523e6c2.css]
[builds.crazygames.com/portal/_next/static/css/a8d40004e2675e0c.css]
[builds.crazygames.com/portal/_next/static/css/2fc3acd957f9a1a5.css]
